// Jest Snapshot v1, https://goo.gl/fbAQLP

exports[`Tests on Key component should render Key 1`] = `
<div>
  <div
    class=" font-bold text-xl  rounded-md  bg-gray-300 min-w-[40px] px-2  h-[55px] flex justify-center flex-wrap content-center cursor-pointer"
  />
</div>
`;
